// Jest Snapshot v1, https://goo.gl/fbAQLP

exports[`SpriteDatabase.query executes a query successfully 1`] = `
[
  {
    "bucketSelectionStrategy": "round-robin",
    "buckets": [
      "Flavour_0",
      "Flavour_1",
      "Flavour_2",
      "Flavour_3",
      "Flavour_4",
      "Flavour_5",
      "Flavour_6",
      "Flavour_7",
    ],
    "custom": {},
    "indexes": [],
    "name": "Flavour",
    "parentTypes": [],
    "properties": [],
    "records": 24,
    "type": "vertex",
  },
  {
    "bucketSelectionStrategy": "round-robin",
    "buckets": [
      "FlavourGroup_0",
      "FlavourGroup_1",
      "FlavourGroup_2",
      "FlavourGroup_3",
      "FlavourGroup_4",
      "FlavourGroup_5",
      "FlavourGroup_6",
      "FlavourGroup_7",
    ],
    "custom": {},
    "indexes": [],
    "name": "FlavourGroup",
    "parentTypes": [],
    "properties": [],
    "records": 20,
    "type": "vertex",
  },
  {
    "bucketSelectionStrategy": "round-robin",
    "buckets": [
      "FlavourInGroup_0",
      "FlavourInGroup_1",
      "FlavourInGroup_2",
      "FlavourInGroup_3",
      "FlavourInGroup_4",
      "FlavourInGroup_5",
      "FlavourInGroup_6",
      "FlavourInGroup_7",
    ],
    "custom": {},
    "indexes": [],
    "name": "FlavourInGroup",
    "parentTypes": [],
    "properties": [],
    "records": 48,
    "type": "edge",
  },
  {
    "bucketSelectionStrategy": "round-robin",
    "buckets": [
      "HasFlavours_0",
      "HasFlavours_1",
      "HasFlavours_2",
      "HasFlavours_3",
      "HasFlavours_4",
      "HasFlavours_5",
      "HasFlavours_6",
      "HasFlavours_7",
    ],
    "custom": {},
    "indexes": [],
    "name": "HasFlavours",
    "parentTypes": [],
    "properties": [],
    "records": 72,
    "type": "edge",
  },
  {
    "bucketSelectionStrategy": "round-robin",
    "buckets": [
      "InRegion_0",
      "InRegion_1",
      "InRegion_2",
      "InRegion_3",
      "InRegion_4",
      "InRegion_5",
      "InRegion_6",
      "InRegion_7",
    ],
    "custom": {},
    "indexes": [],
    "name": "InRegion",
    "parentTypes": [],
    "properties": [],
    "records": 45,
    "type": "edge",
  },
  {
    "bucketSelectionStrategy": "round-robin",
    "buckets": [
      "Location_0",
      "Location_1",
      "Location_2",
      "Location_3",
      "Location_4",
      "Location_5",
      "Location_6",
      "Location_7",
    ],
    "custom": {},
    "indexes": [],
    "name": "Location",
    "parentTypes": [],
    "properties": [],
    "records": 90,
    "type": "vertex",
  },
  {
    "bucketSelectionStrategy": "round-robin",
    "buckets": [
      "ORIDs_0",
      "ORIDs_1",
      "ORIDs_2",
      "ORIDs_3",
      "ORIDs_4",
      "ORIDs_5",
      "ORIDs_6",
      "ORIDs_7",
    ],
    "custom": {},
    "indexes": [],
    "name": "ORIDs",
    "parentTypes": [],
    "properties": [],
    "records": 1,
    "type": "document",
  },
  {
    "bucketSelectionStrategy": "round-robin",
    "buckets": [
      "ProducedIn_0",
      "ProducedIn_1",
      "ProducedIn_2",
      "ProducedIn_3",
      "ProducedIn_4",
      "ProducedIn_5",
      "ProducedIn_6",
      "ProducedIn_7",
    ],
    "custom": {},
    "indexes": [],
    "name": "ProducedIn",
    "parentTypes": [],
    "properties": [],
    "records": 72,
    "type": "edge",
  },
  {
    "bucketSelectionStrategy": "round-robin",
    "buckets": [
      "Region_0",
      "Region_1",
      "Region_2",
      "Region_3",
      "Region_4",
      "Region_5",
      "Region_6",
      "Region_7",
    ],
    "custom": {},
    "indexes": [],
    "name": "Region",
    "parentTypes": [],
    "properties": [],
    "records": 12,
    "type": "vertex",
  },
  {
    "bucketSelectionStrategy": "round-robin",
    "buckets": [
      "Whisky_0",
      "Whisky_1",
      "Whisky_2",
      "Whisky_3",
      "Whisky_4",
      "Whisky_5",
      "Whisky_6",
      "Whisky_7",
    ],
    "custom": {},
    "indexes": [],
    "name": "Whisky",
    "parentTypes": [],
    "properties": [],
    "records": 144,
    "type": "vertex",
  },
]
`;

exports[`SpriteDatabase.query propagates errors from ArcadeDB 1`] = `[Error: Invalid language or query. Status: 400]`;
